Please visit https://docs.nvidia.com/clara/#parabricks for detailed documentation


[Parabricks Options Mesg]: Checking argument compatibility
[Parabricks Options Mesg]: Read group created for /workdir/smoke/smoke_1.fastq.gz and /workdir/smoke/smoke_2.fastq.gz
[Parabricks Options Mesg]: @RG\tID:ERR3684866\tPL:ILLUMINA\tPM:HiSeqX\tLB:HG002\tPU:HHJW2CCXY\tSM:HG002
[Parabricks Options Mesg]: Using --low-memory sets the number of streams in bwa mem to 1.
[PB Info 2026-Jul-24 12:07:41] ------------------------------------------------------------------------------
[PB Info 2026-Jul-24 12:07:41] ||                 Parabricks accelerated Genomics Pipeline                 ||
[PB Info 2026-Jul-24 12:07:41] ||                              Version 4.7.0-1                             ||
[PB Info 2026-Jul-24 12:07:41] ||                      GPU-PBBWA mem, Sorting Phase-I                      ||
[PB Info 2026-Jul-24 12:07:41] ------------------------------------------------------------------------------
[PB Info 2026-Jul-24 12:07:41] Mode = pair-ended-gpu
[PB Info 2026-Jul-24 12:07:41] Running with 1 GPU(s), using 1 stream(s) per device with 1 group(s) of 16 CPU worker thread(s)
[PB Info 2026-Jul-24 12:07:51] #  0  0  0  0  0   0 pool:  0 0 bases/GPU/minute: 0.0 
[PB Info 2026-Jul-24 12:08:01] #  0  0  0  0  0   0 pool:  0 0 bases/GPU/minute: 0.0 
[PB Info 2026-Jul-24 12:08:11] #  0  0  0  0  0   0 pool:  0 0 bases/GPU/minute: 0.0 
[PB Info 2026-Jul-24 12:08:17] Time spent reading: 1.924882 seconds
[PB Info 2026-Jul-24 12:08:21] #  2  0  0  0  0   0 pool:  0 0 bases/GPU/minute: 0.0 
[PB Info 2026-Jul-24 12:08:31] #  0  0  1  0  0   0 pool:  1 49326300 bases/GPU/minute: 295957800.0 
[PB Info 2026-Jul-24 12:08:41] Rate stats (based on sampling every 10 seconds):
	min rate: 0.0 bases/GPU/minute
	max rate: 295957800.0 bases/GPU/minute
	avg rate: 59191560.0 bases/GPU/minute
[PB Info 2026-Jul-24 12:08:41] Time spent monitoring (multiple of 10): 59.995
[PB Info 2026-Jul-24 12:08:41] bwalib run finished in 57.006 seconds
[PB Info 2026-Jul-24 12:08:41] ------------------------------------------------------------------------------
[PB Info 2026-Jul-24 12:08:41] ||        Program:                    GPU-PBBWA mem, Sorting Phase-I        ||
[PB Info 2026-Jul-24 12:08:41] ||        Version:                                           4.7.0-1        ||
[PB Info 2026-Jul-24 12:08:41] ||        Start Time:                       Fri Jul 24 12:07:41 2026        ||
[PB Info 2026-Jul-24 12:08:41] ||        End Time:                         Fri Jul 24 12:08:41 2026        ||
[PB Info 2026-Jul-24 12:08:41] ||        Total Time:                             1 minute 0 seconds        ||
[PB Info 2026-Jul-24 12:08:41] ------------------------------------------------------------------------------
[PB Info 2026-Jul-24 12:08:42] ------------------------------------------------------------------------------
[PB Info 2026-Jul-24 12:08:42] ||                 Parabricks accelerated Genomics Pipeline                 ||
[PB Info 2026-Jul-24 12:08:42] ||                              Version 4.7.0-1                             ||
[PB Info 2026-Jul-24 12:08:42] ||                             Sorting Phase-II                             ||
[PB Info 2026-Jul-24 12:08:42] ------------------------------------------------------------------------------
[PB Info 2026-Jul-24 12:08:42] Using CPU-mode for sort when duplicate metrics file is requested.
[PB Info 2026-Jul-24 12:08:42] Performance may be slower than GPU-mode.
[PB Info 2026-Jul-24 12:08:42] progressMeter - Percentage
[PB Info 2026-Jul-24 12:08:42] 0.0
[PB Info 2026-Jul-24 12:08:47] Sorting and Marking: 5.001 seconds
[PB Info 2026-Jul-24 12:08:47] ------------------------------------------------------------------------------
[PB Info 2026-Jul-24 12:08:47] ||        Program:                                  Sorting Phase-II        ||
[PB Info 2026-Jul-24 12:08:47] ||        Version:                                           4.7.0-1        ||
[PB Info 2026-Jul-24 12:08:47] ||        Start Time:                       Fri Jul 24 12:08:42 2026        ||
[PB Info 2026-Jul-24 12:08:47] ||        End Time:                         Fri Jul 24 12:08:47 2026        ||
[PB Info 2026-Jul-24 12:08:47] ||        Total Time:                                      5 seconds        ||
[PB Info 2026-Jul-24 12:08:47] ------------------------------------------------------------------------------
[PB Info 2026-Jul-24 12:08:47] ------------------------------------------------------------------------------
[PB Info 2026-Jul-24 12:08:47] ||                 Parabricks accelerated Genomics Pipeline                 ||
[PB Info 2026-Jul-24 12:08:47] ||                              Version 4.7.0-1                             ||
[PB Info 2026-Jul-24 12:08:47] ||                         Marking Duplicates, BQSR                         ||
[PB Info 2026-Jul-24 12:08:47] ------------------------------------------------------------------------------
[PB Info 2026-Jul-24 12:08:47] BQSR using CUDA device(s): { 0 }
[PB Info 2026-Jul-24 12:08:48] Using PBBinBamFile for BAM writing
[PB Info 2026-Jul-24 12:08:48] progressMeter -	Percentage
[PB Info 2026-Jul-24 12:08:58] 0.0
[PB Info 2026-Jul-24 12:09:08] 0.0
[PB Info 2026-Jul-24 12:09:18] 0.0
[PB Info 2026-Jul-24 12:09:28] 0.0
[PB Info 2026-Jul-24 12:09:35] Checking if the index file exists for the input compressed file:/workdir/ref/Homo_sapiens_assembly38.dbsnp138.vcf.gz for better performance
[PB Info 2026-Jul-24 12:09:38] 0.0
[PB Info 2026-Jul-24 12:09:48] 0.0
[PB Info 2026-Jul-24 12:09:58] 0.0
[PB Info 2026-Jul-24 12:10:08] 0.0
[PB Info 2026-Jul-24 12:10:12] 472254 reads are filtered
[PB Info 2026-Jul-24 12:10:18] 100.0
[PB Info 2026-Jul-24 12:10:18] BQSR and writing final BAM:  90.025 seconds
[PB Info 2026-Jul-24 12:10:18] ------------------------------------------------------------------------------
[PB Info 2026-Jul-24 12:10:18] ||        Program:                          Marking Duplicates, BQSR        ||
[PB Info 2026-Jul-24 12:10:18] ||        Version:                                           4.7.0-1        ||
[PB Info 2026-Jul-24 12:10:18] ||        Start Time:                       Fri Jul 24 12:08:47 2026        ||
[PB Info 2026-Jul-24 12:10:18] ||        End Time:                         Fri Jul 24 12:10:18 2026        ||
[PB Info 2026-Jul-24 12:10:18] ||        Total Time:                            1 minute 31 seconds        ||
[PB Info 2026-Jul-24 12:10:18] ------------------------------------------------------------------------------

