Please visit https://docs.nvidia.com/clara/#parabricks for detailed documentation


[Parabricks Options Mesg]: Checking argument compatibility
[Parabricks Options Mesg]: Set --bwa-options="-K #" to produce compatible pair-ended results with previous versions of
fq2bam or BWA MEM.
[Parabricks Options Mesg]: Read group created for /workdir/down1x/HG002_1x_1.fastq.gz and
/workdir/down1x/HG002_1x_2.fastq.gz
[Parabricks Options Mesg]: @RG\tID:ERR3684866\tPL:ILLUMINA\tPM:HiSeqX\tLB:HG002\tPU:HHJW2CCXY\tSM:HG002
[Parabricks Options Mesg]: Using --low-memory sets the number of streams in bwa mem to 1.
[PB Info 2026-Jul-24 13:28:01] ------------------------------------------------------------------------------
[PB Info 2026-Jul-24 13:28:01] ||                 Parabricks accelerated Genomics Pipeline                 ||
[PB Info 2026-Jul-24 13:28:01] ||                              Version 4.7.0-1                             ||
[PB Info 2026-Jul-24 13:28:01] ||                      GPU-PBBWA mem, Sorting Phase-I                      ||
[PB Info 2026-Jul-24 13:28:01] ------------------------------------------------------------------------------
[PB Info 2026-Jul-24 13:28:01] Mode = pair-ended-gpu
[PB Info 2026-Jul-24 13:28:01] Running with 1 GPU(s), using 1 stream(s) per device with 1 group(s) of 16 CPU worker thread(s)
[PB Info 2026-Jul-24 13:28:11] #  0  0  0  0  0   0 pool:  0 0 bases/GPU/minute: 0.0 
[PB Info 2026-Jul-24 13:28:21] #  0  0  0  0  0   0 pool:  0 0 bases/GPU/minute: 0.0 
[PB Info 2026-Jul-24 13:28:31] #  0  0  0  0  0   0 pool:  0 0 bases/GPU/minute: 0.0 
[PB Info 2026-Jul-24 13:28:41] #  0  0  0  0  0   0 pool:  0 0 bases/GPU/minute: 0.0 
[PB Info 2026-Jul-24 13:28:51] # 10  0  0  0  0   0 pool:  0 0 bases/GPU/minute: 0.0 
[PB Info 2026-Jul-24 13:29:01] # 10  0  1  0  0   0 pool:  1 88927500 bases/GPU/minute: 533565000.0 
[PB Info 2026-Jul-24 13:29:11] # 10  0  1  0  0   0 pool:  2 365469000 bases/GPU/minute: 1659249000.0 
[PB Info 2026-Jul-24 13:29:21] # 10  0  2  0  0   0 pool:  2 720526200 bases/GPU/minute: 2130343200.0 
[PB Info 2026-Jul-24 13:29:31] # 10  0  1  0  0   0 pool:  2 1055858100 bases/GPU/minute: 2011991400.0 
[PB Info 2026-Jul-24 13:29:41] # 10  0  2  0  0   0 pool:  2 1469917800 bases/GPU/minute: 2484358200.0 
[PB Info 2026-Jul-24 13:29:51] # 10  0  2  0  0   0 pool:  1 1884152400 bases/GPU/minute: 2485407600.0 
[PB Info 2026-Jul-24 13:30:01] # 10  0  2  0  0   0 pool:  1 2278776150 bases/GPU/minute: 2367742500.0 
[PB Info 2026-Jul-24 13:30:11] # 10  0  2  0  0   0 pool:  2 2732190900 bases/GPU/minute: 2720488500.0 
[PB Info 2026-Jul-24 13:30:17] Time spent reading: 8.688341 seconds
[PB Info 2026-Jul-24 13:30:21] Rate stats (based on sampling every 10 seconds):
	min rate: 0.0 bases/GPU/minute
	max rate: 2720488500.0 bases/GPU/minute
	avg rate: 1261011184.6 bases/GPU/minute
[PB Info 2026-Jul-24 13:30:21] Time spent monitoring (multiple of 10): 140.000
[PB Info 2026-Jul-24 13:30:21] bwalib run finished in 139.034 seconds
[PB Info 2026-Jul-24 13:30:21] ------------------------------------------------------------------------------
[PB Info 2026-Jul-24 13:30:21] ||        Program:                    GPU-PBBWA mem, Sorting Phase-I        ||
[PB Info 2026-Jul-24 13:30:21] ||        Version:                                           4.7.0-1        ||
[PB Info 2026-Jul-24 13:30:21] ||        Start Time:                       Fri Jul 24 13:28:01 2026        ||
[PB Info 2026-Jul-24 13:30:21] ||        End Time:                         Fri Jul 24 13:30:21 2026        ||
[PB Info 2026-Jul-24 13:30:21] ||        Total Time:                           2 minutes 20 seconds        ||
[PB Info 2026-Jul-24 13:30:21] ------------------------------------------------------------------------------
[PB Info 2026-Jul-24 13:30:24] ------------------------------------------------------------------------------
[PB Info 2026-Jul-24 13:30:24] ||                 Parabricks accelerated Genomics Pipeline                 ||
[PB Info 2026-Jul-24 13:30:24] ||                              Version 4.7.0-1                             ||
[PB Info 2026-Jul-24 13:30:24] ||                             Sorting Phase-II                             ||
[PB Info 2026-Jul-24 13:30:24] ------------------------------------------------------------------------------
[PB Info 2026-Jul-24 13:30:24] Using CPU-mode for sort when duplicate metrics file is requested.
[PB Info 2026-Jul-24 13:30:24] Performance may be slower than GPU-mode.
[PB Info 2026-Jul-24 13:30:24] progressMeter - Percentage
[PB Info 2026-Jul-24 13:30:24] 0.0
[PB Info 2026-Jul-24 13:30:29] 88.8
[PB Info 2026-Jul-24 13:30:34] Sorting and Marking: 10.003 seconds
[PB Info 2026-Jul-24 13:30:34] ------------------------------------------------------------------------------
[PB Info 2026-Jul-24 13:30:34] ||        Program:                                  Sorting Phase-II        ||
[PB Info 2026-Jul-24 13:30:34] ||        Version:                                           4.7.0-1        ||
[PB Info 2026-Jul-24 13:30:34] ||        Start Time:                       Fri Jul 24 13:30:24 2026        ||
[PB Info 2026-Jul-24 13:30:34] ||        End Time:                         Fri Jul 24 13:30:34 2026        ||
[PB Info 2026-Jul-24 13:30:34] ||        Total Time:                                     10 seconds        ||
[PB Info 2026-Jul-24 13:30:34] ------------------------------------------------------------------------------
[PB Info 2026-Jul-24 13:30:34] ------------------------------------------------------------------------------
[PB Info 2026-Jul-24 13:30:34] ||                 Parabricks accelerated Genomics Pipeline                 ||
[PB Info 2026-Jul-24 13:30:34] ||                              Version 4.7.0-1                             ||
[PB Info 2026-Jul-24 13:30:34] ||                         Marking Duplicates, BQSR                         ||
[PB Info 2026-Jul-24 13:30:34] ------------------------------------------------------------------------------
[PB Info 2026-Jul-24 13:30:34] BQSR using CUDA device(s): { 0 }
[PB Info 2026-Jul-24 13:30:34] Using PBBinBamFile for BAM writing
[PB Info 2026-Jul-24 13:30:34] progressMeter -	Percentage
[PB Info 2026-Jul-24 13:30:44] 0.0
[PB Info 2026-Jul-24 13:30:54] 0.0
[PB Info 2026-Jul-24 13:31:04] 0.0
[PB Info 2026-Jul-24 13:31:14] 0.0
[PB Info 2026-Jul-24 13:31:24] Checking if the index file exists for the input compressed file:/workdir/ref/Homo_sapiens_assembly38.dbsnp138.vcf.gz for better performance
[PB Info 2026-Jul-24 13:31:24] 0.0
[PB Info 2026-Jul-24 13:31:34] 0.0
[PB Info 2026-Jul-24 13:31:44] 0.0
[PB Info 2026-Jul-24 13:31:54] 0.0
[PB Info 2026-Jul-24 13:32:04] 0.1
[PB Info 2026-Jul-24 13:32:14] 0.6
[PB Info 2026-Jul-24 13:32:24] 1.0
[PB Info 2026-Jul-24 13:32:28] 1059956 reads are filtered
[PB Info 2026-Jul-24 13:32:34] 100.0
[PB Info 2026-Jul-24 13:32:34] BQSR and writing final BAM:  120.047 seconds
[PB Info 2026-Jul-24 13:32:34] ------------------------------------------------------------------------------
[PB Info 2026-Jul-24 13:32:34] ||        Program:                          Marking Duplicates, BQSR        ||
[PB Info 2026-Jul-24 13:32:34] ||        Version:                                           4.7.0-1        ||
[PB Info 2026-Jul-24 13:32:34] ||        Start Time:                       Fri Jul 24 13:30:34 2026        ||
[PB Info 2026-Jul-24 13:32:34] ||        End Time:                         Fri Jul 24 13:32:34 2026        ||
[PB Info 2026-Jul-24 13:32:34] ||        Total Time:                            2 minutes 0 seconds        ||
[PB Info 2026-Jul-24 13:32:34] ------------------------------------------------------------------------------

