Please visit https://docs.nvidia.com/clara/#parabricks for detailed documentation

[PB Info 2026-Jul-24 12:10:21] ------------------------------------------------------------------------------
[PB Info 2026-Jul-24 12:10:21] ||                 Parabricks accelerated Genomics Pipeline                 ||
[PB Info 2026-Jul-24 12:10:21] ||                              Version 4.7.0-1                             ||
[PB Info 2026-Jul-24 12:10:21] ||                         GPU-GATK4 HaplotypeCaller                        ||
[PB Info 2026-Jul-24 12:10:21] ------------------------------------------------------------------------------
[PB Info 2026-Jul-24 12:10:59] 0 /workdir/output/smoke.bam/workdir/output/smoke.g.vcf.gz
[PB Info 2026-Jul-24 12:10:59] ProgressMeter -	Current-Locus	Elapsed-Minutes	Regions-Processed	Regions/Minute
[PB Info 2026-Jul-24 12:11:09] chr1:835201	0.2	16401	98406
[PB Info 2026-Jul-24 12:11:19] chrUn_JTFH01001929v1_decoy:1	0.3	51162	153486
[PB Info 2026-Jul-24 12:11:37] Total time taken: 38.246778
[PB Info 2026-Jul-24 12:11:37] ------------------------------------------------------------------------------
[PB Info 2026-Jul-24 12:11:37] ||        Program:                         GPU-GATK4 HaplotypeCaller        ||
[PB Info 2026-Jul-24 12:11:37] ||        Version:                                           4.7.0-1        ||
[PB Info 2026-Jul-24 12:11:37] ||        Start Time:                       Fri Jul 24 12:10:21 2026        ||
[PB Info 2026-Jul-24 12:11:37] ||        End Time:                         Fri Jul 24 12:11:37 2026        ||
[PB Info 2026-Jul-24 12:11:37] ||        Total Time:                            1 minute 16 seconds        ||
[PB Info 2026-Jul-24 12:11:37] ------------------------------------------------------------------------------
/usr/local/parabricks/binaries/bin/htvc /workdir/ref/Homo_sapiens_assembly38.fasta /workdir/output/smoke.bam 1 -o /workdir/output/smoke.g.vcf.gz -nt 5 -a /workdir/output/smoke.recal.txt -g --low-memory
Variant caller done, total time: 1.3 min
