00:00:00 SnpEff version SnpEff 5.1d (build 2022-04-19 15:49), by Pablo Cingolani
00:00:00 Command: 'ann'
00:00:00 Reading configuration file 'snpEff.config'. Genome: 'hg38'
00:00:00 Reading config file: /workdir/output/snpEff.config
00:00:00 Reading config file: /opt/conda/share/snpeff-5.1-4/snpEff.config
00:00:00 done
00:00:00 Reading database for genome version 'hg38' from file '/workdir/snpEff_data/hg38/snpEffectPredictor.bin' (this might take a while)
00:00:48 done
00:00:48 Loading Motifs and PWMs
00:00:48 Building interval forest
00:00:51 done.
00:00:51 Genome stats :
#-----------------------------------------------
# Genome name                : 'Homo_sapiens (UCSC)'
# Genome version             : 'hg38'
# Genome ID                  : 'hg38[0]'
# Has protein coding info    : true
# Has Tr. Support Level info : true
# Genes                      : 35186
# Protein coding genes       : 23697
#-----------------------------------------------
# Transcripts                : 82864
# Avg. transcripts per gene  : 2.36
# TSL transcripts            : 0
#-----------------------------------------------
# Checked transcripts        : 
#               AA sequences :      0 ( 0.00% )
#              DNA sequences :  68507 ( 82.67% )
#-----------------------------------------------
# Protein coding transcripts : 62400
#              Length errors :    328 ( 0.53% )
#  STOP codons in CDS errors :     65 ( 0.10% )
#         START codon errors :   1995 ( 3.20% )
#        STOP codon warnings :   1660 ( 2.66% )
#              UTR sequences :  61680 ( 74.44% )
#               Total Errors :   2199 ( 3.52% )
#-----------------------------------------------
# Cds                        : 630943
# Exons                      : 805917
# Exons with sequence        : 805917
# Exons without sequence     : 0
# Avg. exons per transcript  : 9.73
#-----------------------------------------------
# Number of chromosomes      : 559
# Chromosomes                : Format 'chromo_name size codon_table'
#		'1'	248956422	Standard
#		'2'	242193529	Standard
#		'3'	198295559	Standard
#		'4'	190214555	Standard
#		'5'	181538259	Standard
#		'6'	170805979	Standard
#		'7'	159345973	Standard
#		'X'	156040895	Standard
#		'8'	145138636	Standard
#		'9'	138394717	Standard
#		'11'	135086622	Standard
#		'10'	133797422	Standard
#		'12'	133275309	Standard
#		'13'	114364328	Standard
#		'14'	107043718	Standard
#		'15'	101991189	Standard
#		'16'	90338345	Standard
#		'17'	83257441	Standard
#		'18'	80373285	Standard
#		'20'	64444167	Standard
#		'19'	58617616	Standard
#		'Y'	57227415	Standard
#		'22'	50818468	Standard
#		'21'	46709983	Standard
#		'8_KZ208915v1_fix'	6328913	Standard
#		'15_KI270905v1_alt'	5161414	Standard
#		'15_KN538374v1_fix'	4978296	Standard
#		'6_GL000256v2_alt'	4929269	Standard
#		'6_GL000254v2_alt'	4827813	Standard
#		'6_GL000251v2_alt'	4795265	Standard
#		'6_GL000253v2_alt'	4677643	Standard
#		'6_GL000250v2_alt'	4672374	Standard
#		'6_GL000255v2_alt'	4606388	Standard
#		'6_GL000252v2_alt'	4604811	Standard
#		'17_KI270857v1_alt'	2877074	Standard
#		'16_KI270853v1_alt'	2659700	Standard
#		'15_KQ031389v1_alt'	2322748	Standard
#		'16_KI270728v1_random'	1872759	Standard
#		'17_GL000258v2_alt'	1821992	Standard
#		'16_KV880768v1_fix'	1743076	Standard
#		'5_GL339449v2_alt'	1612928	Standard
#		'14_KI270847v1_alt'	1511111	Standard
#		'17_KI270908v1_alt'	1423190	Standard
#		'14_KI270846v1_alt'	1351393	Standard
#		'5_KI270897v1_alt'	1144418	Standard
#		'7_KI270803v1_alt'	1111570	Standard
#		'19_GL949749v2_alt'	1091841	Standard
#		'19_KI270938v1_alt'	1066800	Standard
#		'19_GL949750v2_alt'	1066390	Standard
#		'19_GL949748v2_alt'	1064304	Standard
#		'12_KZ208916v1_fix'	1046066	Standard
#		'19_GL949751v2_alt'	1002683	Standard
#		'19_GL949746v1_alt'	987716	Standard
#		'19_GL949752v1_alt'	987100	Standard
#		'8_KI270821v1_alt'	985506	Standard
#		'1_KI270763v1_alt'	911658	Standard
#		'6_KI270801v1_alt'	870480	Standard
#		'19_GL949753v2_alt'	796479	Standard
#		'19_GL949747v2_alt'	729520	Standard
#		'14_KZ208920v1_fix'	680582	Standard
#		'7_KZ208913v1_alt'	672998	Standard
#		'5_KV575244v1_fix'	670373	Standard
#		'8_KI270822v1_alt'	624492	Standard
#		'4_GL000257v2_alt'	586476	Standard
#		'12_KI270904v1_alt'	572349	Standard
#		'4_KI270925v1_alt'	555799	Standard
#		'7_KZ208912v1_fix'	549205	Standard
#		'12_KN538369v1_fix'	531866	Standard
#		'1_KV880763v1_alt'	482470	Standard
#		'15_KI270852v1_alt'	478999	Standard
#		'16_KZ559113v1_fix'	472459	Standard
#		'7_KV880765v1_fix'	468267	Standard
#		'1_KQ031383v1_fix'	463247	Standard
#		'1_KN538360v1_fix'	459395	Standard
#		'3_KN196475v1_fix'	451168	Standard
#		'15_KI270727v1_random'	448248	Standard
#		'9_KI270823v1_alt'	439082	Standard
#		'15_KI270850v1_alt'	430880	Standard
#		'2_KQ983256v1_alt'	428064	Standard
#		'1_KI270759v1_alt'	425601	Standard
#		'4_KV766193v1_alt'	419428	Standard
#		'12_GL877876v1_alt'	408271	Standard
#		'3_KV766192v1_fix'	403074	Standard
#		'Un_KI270442v1'	392061	Standard
#		'17_KI270862v1_alt'	391357	Standard
#		'15_GL383555v2_alt'	388773	Standard
#		'19_GL383573v1_alt'	385657	Standard
#		'19_KQ458386v1_fix'	385414	Standard
#		'4_KI270896v1_alt'	378547	Standard
#		'4_GL383528v1_alt'	376187	Standard
#		'17_GL383563v3_alt'	375691	Standard
#		'8_KI270810v1_alt'	374415	Standard
#		'3_KQ031385v1_fix'	371099	Standard
#		'1_GL383520v2_alt'	366580	Standard
#		'19_KN196484v1_fix'	366086	Standard
#		'1_KI270762v1_alt'	354444	Standard
#		'18_KQ090028v1_fix'	352485	Standard
#		'3_KN538364v1_fix'	339158	Standard
#		'1_KQ458383v1_alt'	329480	Standard
#		'15_KI270848v1_alt'	327382	Standard
#		'17_KI270909v1_alt'	325800	Standard
#		'1_KZ208906v1_fix'	323673	Standard
#		'14_KI270844v1_alt'	322166	Standard
#		'8_KI270900v1_alt'	318687	Standard
#		'10_GL383546v1_alt'	309802	Standard
#		'13_KI270838v1_alt'	306913	Standard
#		'8_KI270816v1_alt'	305841	Standard
#		'9_KN196479v1_fix'	305193	Standard
#		'22_KI270879v1_alt'	304135	Standard
#		'8_KI270813v1_alt'	300230	Standard
#		'11_KI270831v1_alt'	296895	Standard
#		'15_GL383554v1_alt'	296527	Standard
#		'19_KV575249v1_alt'	293522	Standard
#		'8_KI270811v1_alt'	292436	Standard
#		'2_KN538363v1_fix'	292393	Standard
#		'18_GL383567v1_alt'	289831	Standard
#		'1_KN538361v1_fix'	284900	Standard
#		'X_KI270880v1_alt'	284869	Standard
#		'8_KI270812v1_alt'	282736	Standard
#		'19_KI270921v1_alt'	282224	Standard
#		'17_KI270729v1_random'	280839	Standard
#		'17_JH159146v1_alt'	278131	Standard
#		'3_KZ559103v1_alt'	277765	Standard
#		'1_KQ983255v1_alt'	274763	Standard
#		'11_KZ559108v1_fix'	274566	Standard
#		'17_KV766196v1_fix'	274316	Standard
#		'X_KI270913v1_alt'	274009	Standard
#		'11_KZ559109v1_fix'	272956	Standard
#		'6_KI270798v1_alt'	271782	Standard
#		'7_KI270808v1_alt'	271455	Standard
#		'17_KV766198v1_alt'	264924	Standard
#		'22_KI270876v1_alt'	263666	Standard
#		'10_KN196480v1_fix'	263259	Standard
#		'15_KI270851v1_alt'	263054	Standard
#		'22_KI270875v1_alt'	259914	Standard
#		'16_KQ090027v1_alt'	257936	Standard
#		'1_KI270766v1_alt'	256271	Standard
#		'19_KI270882v1_alt'	248807	Standard
#		'3_KI270778v1_alt'	248252	Standard
#		'15_KI270849v1_alt'	244917	Standard
#		'4_KI270786v1_alt'	244096	Standard
#		'6_KZ208911v1_fix'	242013	Standard
#		'19_KV575250v1_alt'	239138	Standard
#		'5_KV575243v1_alt'	238512	Standard
#		'12_KI270835v1_alt'	238139	Standard
#		'6_KQ090016v1_fix'	237231	Standard
#		'17_KI270858v1_alt'	235827	Standard
#		'19_KI270867v1_alt'	233762	Standard
#		'16_KI270855v1_alt'	232857	Standard
#		'13_KN538372v1_fix'	230676	Standard
#		'8_KI270926v1_alt'	229282	Standard
#		'5_GL949742v1_alt'	226852	Standard
#		'3_KI270780v1_alt'	224108	Standard
#		'17_GL383565v1_alt'	223995	Standard
#		'2_KI270774v1_alt'	223625	Standard
#		'4_KI270790v1_alt'	220246	Standard
#		'11_KI270927v1_alt'	218612	Standard
#		'19_KV575256v1_alt'	218355	Standard
#		'19_KI270932v1_alt'	215732	Standard
#		'11_KI270903v1_alt'	214625	Standard
#		'2_KI270894v1_alt'	214158	Standard
#		'4_KQ983257v1_fix'	211788	Standard
#		'4_KQ090015v1_alt'	211195	Standard
#		'14_GL000225v1_random'	211173	Standard
#		'Un_KI270743v1'	210658	Standard
#		'11_KI270832v1_alt'	210133	Standard
#		'7_KI270805v1_alt'	209988	Standard
#		'4_GL000008v2_random'	209709	Standard
#		'7_KI270809v1_alt'	209586	Standard
#		'19_KI270887v1_alt'	209512	Standard
#		'4_KI270789v1_alt'	205944	Standard
#		'4_KQ983258v1_alt'	205389	Standard
#		'3_KI270779v1_alt'	205312	Standard
#		'19_KI270914v1_alt'	205194	Standard
#		'19_KI270886v1_alt'	204239	Standard
#		'11_KI270829v1_alt'	204059	Standard
#		'14_GL000009v2_random'	201709	Standard
#		'21_GL383579v2_alt'	201197	Standard
#		'11_JH159136v1_alt'	200998	Standard
#		'19_KI270930v1_alt'	200773	Standard
#		'Un_KI270747v1'	198735	Standard
#		'18_GL383571v1_alt'	198278	Standard
#		'19_KI270920v1_alt'	198005	Standard
#		'6_KI270797v1_alt'	197536	Standard
#		'3_KI270935v1_alt'	197351	Standard
#		'17_KI270861v1_alt'	196688	Standard
#		'15_KI270906v1_alt'	196384	Standard
#		'1_KQ458384v1_alt'	195831	Standard
#		'5_KI270791v1_alt'	195710	Standard
#		'11_KN538368v1_alt'	194668	Standard
#		'14_KI270722v1_random'	194050	Standard
#		'16_GL383556v1_alt'	192462	Standard
#		'13_KN538371v1_fix'	191714	Standard
#		'13_KI270840v1_alt'	191684	Standard
#		'14_GL000194v1_random'	191469	Standard
#		'11_JH159137v1_alt'	191409	Standard
#		'19_KI270917v1_alt'	190932	Standard
#		'7_KI270899v1_alt'	190869	Standard
#		'11_KQ759759v1_fix'	190563	Standard
#		'19_KI270923v1_alt'	189352	Standard
#		'10_KI270825v1_alt'	188315	Standard
#		'19_GL383576v1_alt'	188024	Standard
#		'19_KI270922v1_alt'	187935	Standard
#		'10_KQ090021v1_fix'	187719	Standard
#		'3_KZ559105v1_alt'	186954	Standard
#		'Un_KI270742v1'	186739	Standard
#		'22_KI270878v1_alt'	186262	Standard
#		'19_KI270929v1_alt'	186203	Standard
#		'11_KI270826v1_alt'	186169	Standard
#		'6_KB021644v2_alt'	185823	Standard
#		'17_GL000205v2_random'	185591	Standard
#		'1_KI270765v1_alt'	185285	Standard
#		'19_KI270916v1_alt'	184516	Standard
#		'19_KI270890v1_alt'	184499	Standard
#		'3_KI270784v1_alt'	184404	Standard
#		'12_GL383551v1_alt'	184319	Standard
#		'20_KI270870v1_alt'	183433	Standard
#		'Un_GL000195v1'	182896	Standard
#		'1_GL383518v1_alt'	182439	Standard
#		'22_KI270736v1_random'	181920	Standard
#		'10_KI270824v1_alt'	181496	Standard
#		'14_KI270845v1_alt'	180703	Standard
#		'3_GL383526v1_alt'	180671	Standard
#		'13_KI270839v1_alt'	180306	Standard
#		'22_KI270733v1_random'	179772	Standard
#		'Un_GL000224v1'	179693	Standard
#		'10_GL383545v1_alt'	179254	Standard
#		'Un_GL000219v1'	179198	Standard
#		'5_KI270792v1_alt'	179043	Standard
#		'17_KI270860v1_alt'	178921	Standard
#		'19_GL000209v2_alt'	177381	Standard
#		'11_KI270830v1_alt'	177092	Standard
#		'9_KI270719v1_random'	176845	Standard
#		'Un_GL000216v2'	176608	Standard
#		'22_KI270928v1_alt'	176103	Standard
#		'1_KI270712v1_random'	176043	Standard
#		'6_KI270800v1_alt'	175808	Standard
#		'1_KI270706v1_random'	175055	Standard
#		'2_KI270776v1_alt'	174166	Standard
#		'18_KI270912v1_alt'	174061	Standard
#		'3_KI270777v1_alt'	173649	Standard
#		'5_GL383531v1_alt'	173459	Standard
#		'3_JH636055v2_alt'	173151	Standard
#		'14_KI270725v1_random'	172810	Standard
#		'5_KI270796v1_alt'	172708	Standard
#		'9_GL383541v1_alt'	171286	Standard
#		'19_KI270885v1_alt'	171027	Standard
#		'19_KI270919v1_alt'	170701	Standard
#		'19_KI270889v1_alt'	170698	Standard
#		'19_KI270891v1_alt'	170680	Standard
#		'19_KI270915v1_alt'	170665	Standard
#		'19_KI270933v1_alt'	170537	Standard
#		'19_KI270883v1_alt'	170399	Standard
#		'19_GL383575v2_alt'	170222	Standard
#		'19_KI270931v1_alt'	170148	Standard
#		'12_GL383550v2_alt'	169178	Standard
#		'13_KI270841v1_alt'	169134	Standard
#		'19_KV575247v1_alt'	168856	Standard
#		'19_KV575259v1_alt'	168828	Standard
#		'Un_KI270744v1'	168472	Standard
#		'19_KV575248v1_alt'	168078	Standard
#		'18_KI270863v1_alt'	167999	Standard
#		'18_GL383569v1_alt'	167950	Standard
#		'19_KV575252v1_alt'	167812	Standard
#		'12_GL877875v1_alt'	167313	Standard
#		'21_KI270874v1_alt'	166743	Standard
#		'3_KI270924v1_alt'	166540	Standard
#		'1_KI270761v1_alt'	165834	Standard
#		'7_KQ031388v1_fix'	165625	Standard
#		'3_KI270937v1_alt'	165607	Standard
#		'22_KI270734v1_random'	165050	Standard
#		'11_KZ559111v1_alt'	165004	Standard
#		'8_KZ208914v1_fix'	164883	Standard
#		'18_GL383570v1_alt'	164789	Standard
#		'5_KI270794v1_alt'	164558	Standard
#		'4_GL383527v1_alt'	164536	Standard
#		'Un_GL000213v1'	164239	Standard
#		'3_KI270936v1_alt'	164170	Standard
#		'3_KI270934v1_alt'	163458	Standard
#		'9_GL383539v1_alt'	162988	Standard
#		'3_KI270895v1_alt'	162896	Standard
#		'22_GL383582v2_alt'	162811	Standard
#		'3_KI270782v1_alt'	162429	Standard
#		'1_KI270892v1_alt'	162212	Standard
#		'Un_GL000220v1'	161802	Standard
#		'2_KI270767v1_alt'	161578	Standard
#		'2_KI270715v1_random'	161471	Standard
#		'2_KI270893v1_alt'	161218	Standard
#		'Un_GL000218v1'	161147	Standard
#		'19_KV575255v1_alt'	160788	Standard
#		'19_KV575253v1_alt'	160747	Standard
#		'19_KV575246v1_alt'	160579	Standard
#		'18_GL383572v1_alt'	159547	Standard
#		'8_KI270817v1_alt'	158983	Standard
#		'4_KI270788v1_alt'	158965	Standard
#		'Un_KI270749v1'	158759	Standard
#		'7_KI270806v1_alt'	158166	Standard
#		'7_KI270804v1_alt'	157952	Standard
#		'18_KI270911v1_alt'	157710	Standard
#		'19_KV575251v1_alt'	157552	Standard
#		'Un_KI270741v1'	157432	Standard
#		'17_KI270910v1_alt'	157099	Standard
#		'19_KI270884v1_alt'	157053	Standard
#		'19_GL383574v1_alt'	155864	Standard
#		'19_KI270888v1_alt'	155532	Standard
#		'3_GL000221v1_random'	155397	Standard
#		'11_GL383547v1_alt'	154407	Standard
#		'2_KI270716v1_random'	153799	Standard
#		'19_KV575258v1_alt'	153076	Standard
#		'12_GL383553v2_alt'	152874	Standard
#		'6_KI270799v1_alt'	152148	Standard
#		'22_KI270731v1_random'	150754	Standard
#		'Un_KI270751v1'	150742	Standard
#		'Un_KI270750v1'	148850	Standard
#		'8_KI270818v1_alt'	145606	Standard
#		'X_KI270881v1_alt'	144206	Standard
#		'19_KV575260v1_alt'	143904	Standard
#		'21_KI270873v1_alt'	143900	Standard
#		'2_GL383521v1_alt'	143390	Standard
#		'8_KI270814v1_alt'	141812	Standard
#		'12_GL383552v1_alt'	138655	Standard
#		'Un_KI270519v1'	138126	Standard
#		'2_KI270775v1_alt'	138019	Standard
#		'17_KI270907v1_alt'	137721	Standard
#		'Un_GL000214v1'	137718	Standard
#		'8_KI270901v1_alt'	136959	Standard
#		'22_KQ458388v1_alt'	136334	Standard
#		'2_KI270770v1_alt'	136240	Standard
#		'6_KV766194v1_fix'	136040	Standard
#		'2_KZ208908v1_alt'	135473	Standard
#		'17_KV575245v1_fix'	135069	Standard
#		'3_KZ559101v1_alt'	134583	Standard
#		'16_KI270854v1_alt'	134193	Standard
#		'8_KI270819v1_alt'	133535	Standard
#		'1_KN196472v1_fix'	133486	Standard
#		'17_GL383564v2_alt'	133151	Standard
#		'2_KI270772v1_alt'	133041	Standard
#		'8_KI270815v1_alt'	132244	Standard
#		'5_KI270795v1_alt'	131892	Standard
#		'5_KI270898v1_alt'	130957	Standard
#		'1_KZ208904v1_alt'	129609	Standard
#		'11_KZ559110v1_alt'	129487	Standard
#		'20_GL383577v2_alt'	128386	Standard
#		'1_KI270708v1_random'	127682	Standard
#		'18_KZ559115v1_fix'	127169	Standard
#		'7_KI270807v1_alt'	126434	Standard
#		'5_KI270793v1_alt'	126136	Standard
#		'6_GL383533v1_alt'	124736	Standard
#		'2_GL383522v1_alt'	123821	Standard
#		'19_KI270918v1_alt'	123111	Standard
#		'12_GL383549v1_alt'	120804	Standard
#		'2_KI270769v1_alt'	120616	Standard
#		'4_KI270785v1_alt'	119912	Standard
#		'12_KI270834v1_alt'	119498	Standard
#		'7_GL383534v2_alt'	119183	Standard
#		'20_KI270869v1_alt'	118774	Standard
#		'22_KN196485v1_alt'	118147	Standard
#		'22_KQ458387v1_alt'	117515	Standard
#		'21_GL383581v2_alt'	116689	Standard
#		'10_KQ090020v1_alt'	116354	Standard
#		'7_KV880764v1_fix'	115118	Standard
#		'22_KN196486v1_alt'	114612	Standard
#		'3_KI270781v1_alt'	113034	Standard
#		'17_KI270730v1_random'	112551	Standard
#		'Un_KI270438v1'	112505	Standard
#		'4_KI270787v1_alt'	111943	Standard
#		'18_KI270864v1_alt'	111737	Standard
#		'2_KI270771v1_alt'	110395	Standard
#		'1_GL383519v1_alt'	110268	Standard
#		'2_KI270768v1_alt'	110099	Standard
#		'1_KI270760v1_alt'	109528	Standard
#		'3_KI270783v1_alt'	109187	Standard
#		'17_KI270859v1_alt'	108763	Standard
#		'22_KQ759761v1_alt'	106747	Standard
#		'11_KI270902v1_alt'	106711	Standard
#		'1_KN196474v1_fix'	106257	Standard
#		'18_GL383568v1_alt'	104552	Standard
#		'22_KI270737v1_random'	103838	Standard
#		'13_KI270843v1_alt'	103832	Standard
#		'2_KN538362v1_fix'	103759	Standard
#		'11_KN196481v1_fix'	103577	Standard
#		'17_KV766197v1_alt'	101525	Standard
#		'22_KI270877v1_alt'	101331	Standard
#		'5_GL383530v1_alt'	101241	Standard
#		'11_KI270721v1_random'	100316	Standard
#		'22_KI270738v1_random'	99375	Standard
#		'3_KZ559104v1_fix'	99218	Standard
#		'22_GL383583v2_alt'	96924	Standard
#		'2_GL582966v2_alt'	96131	Standard
#		'3_KZ208909v1_alt'	93408	Standard
#		'Un_KI270748v1'	93321	Standard
#		'Un_KI270435v1'	92983	Standard
#		'5_GL000208v1_random'	92689	Standard
#		'Un_KI270538v1'	91309	Standard
#		'17_GL383566v1_alt'	90219	Standard
#		'4_KQ090013v1_alt'	89781	Standard
#		'16_GL383557v1_alt'	89672	Standard
#		'19_KV575257v1_alt'	88331	Standard
#		'17_JH159148v1_alt'	88070	Standard
#		'12_KN538370v1_fix'	86533	Standard
#		'19_KV575254v1_alt'	85899	Standard
#		'5_GL383532v1_alt'	82728	Standard
#		'21_KI270872v1_alt'	82692	Standard
#		'22_KQ759762v1_fix'	81450	Standard
#		'Un_KI270756v1'	79590	Standard
#		'16_KZ208921v1_alt'	78373	Standard
#		'6_KI270758v1_alt'	76752	Standard
#		'12_KI270833v1_alt'	76061	Standard
#		'11_KV766195v1_fix'	75420	Standard
#		'6_KI270802v1_alt'	75005	Standard
#		'21_GL383580v2_alt'	74653	Standard
#		'22_KB663609v1_alt'	74013	Standard
#		'22_KI270739v1_random'	73985	Standard
#		'9_GL383540v1_alt'	71551	Standard
#		'Un_KI270757v1'	71251	Standard
#		'8_KZ559107v1_alt'	70997	Standard
#		'2_KI270773v1_alt'	70887	Standard
#		'17_JH159147v1_alt'	70345	Standard
#		'11_KI270827v1_alt'	67707	Standard
#		'1_KI270709v1_random'	66860	Standard
#		'Un_KI270746v1'	66486	Standard
#		'14_KZ208919v1_alt'	64017	Standard
#		'16_KI270856v1_alt'	63982	Standard
#		'21_GL383578v2_alt'	63917	Standard
#		'Un_KI270753v1'	62944	Standard
#		'1_KN196473v1_fix'	62643	Standard
#		'19_KI270868v1_alt'	61734	Standard
#		'12_KZ208917v1_fix'	60205	Standard
#		'9_GL383542v1_alt'	60032	Standard
#		'20_KI270871v1_alt'	58661	Standard
#		'12_KI270836v1_alt'	56134	Standard
#		'19_KI270865v1_alt'	52969	Standard
#		'1_KI270764v1_alt'	50258	Standard
#		'Un_KI270589v1'	44474	Standard
#		'14_KI270726v1_random'	43739	Standard
#		'13_KN538373v1_fix'	43630	Standard
#		'19_KI270866v1_alt'	43156	Standard
#		'22_KI270735v1_random'	42811	Standard
#		'1_KI270711v1_random'	42210	Standard
#		'Un_KI270745v1'	41891	Standard
#		'1_KI270714v1_random'	41717	Standard
#		'22_KI270732v1_random'	41543	Standard
#		'1_KI270713v1_random'	40745	Standard
#		'Un_KI270754v1'	40191	Standard
#		'1_KI270710v1_random'	40176	Standard
#		'12_KI270837v1_alt'	40090	Standard
#		'9_KI270717v1_random'	40062	Standard
#		'14_KI270724v1_random'	39555	Standard
#		'9_KI270720v1_random'	39050	Standard
#		'14_KI270723v1_random'	38115	Standard
#		'9_KI270718v1_random'	38054	Standard
#		'Un_KI270317v1'	37690	Standard
#		'16_KQ090026v1_alt'	37628	Standard
#		'13_KI270842v1_alt'	37287	Standard
#		'Y_KI270740v1_random'	37240	Standard
#		'Un_KI270755v1'	36723	Standard
#		'8_KI270820v1_alt'	36640	Standard
#		'3_KZ559102v1_alt'	36417	Standard
#		'1_KI270707v1_random'	32032	Standard
#		'Un_KI270579v1'	31033	Standard
#		'18_KQ458385v1_alt'	29236	Standard
#		'Un_KI270752v1'	27745	Standard
#		'Un_KI270512v1'	22689	Standard
#		'Un_KI270322v1'	21476	Standard
#		'M'	16569	Vertebrate_Mitochondrial
#		'Y_KZ208924v1_fix'	15725	Standard
#		'Un_GL000226v1'	15008	Standard
#		'Un_KI270311v1'	12399	Standard
#		'Un_KI270366v1'	8320	Standard
#		'Un_KI270511v1'	8127	Standard
#		'Un_KI270448v1'	7992	Standard
#		'Un_KI270521v1'	7642	Standard
#		'Un_KI270581v1'	7046	Standard
#		'Un_KI270582v1'	6504	Standard
#		'Un_KI270515v1'	6361	Standard
#		'Un_KI270588v1'	6158	Standard
#		'Un_KI270591v1'	5796	Standard
#		'Un_KI270522v1'	5674	Standard
#		'Un_KI270507v1'	5353	Standard
#		'Un_KI270590v1'	4685	Standard
#		'Un_KI270584v1'	4513	Standard
#		'Un_KI270320v1'	4416	Standard
#		'Un_KI270382v1'	4215	Standard
#		'Un_KI270468v1'	4055	Standard
#		'Un_KI270467v1'	3920	Standard
#		'Un_KI270362v1'	3530	Standard
#		'Un_KI270517v1'	3253	Standard
#		'Un_KI270593v1'	3041	Standard
#		'Un_KI270528v1'	2983	Standard
#		'Un_KI270587v1'	2969	Standard
#		'Un_KI270364v1'	2855	Standard
#		'Un_KI270371v1'	2805	Standard
#		'Un_KI270333v1'	2699	Standard
#		'Un_KI270374v1'	2656	Standard
#		'Un_KI270411v1'	2646	Standard
#		'Un_KI270414v1'	2489	Standard
#		'Un_KI270510v1'	2415	Standard
#		'Un_KI270390v1'	2387	Standard
#		'Un_KI270375v1'	2378	Standard
#		'Un_KI270420v1'	2321	Standard
#		'Un_KI270509v1'	2318	Standard
#		'Un_KI270315v1'	2276	Standard
#		'Un_KI270302v1'	2274	Standard
#		'Un_KI270518v1'	2186	Standard
#		'Un_KI270530v1'	2168	Standard
#		'Un_KI270304v1'	2165	Standard
#		'Un_KI270418v1'	2145	Standard
#		'Un_KI270424v1'	2140	Standard
#		'Un_KI270417v1'	2043	Standard
#		'Un_KI270508v1'	1951	Standard
#		'Un_KI270303v1'	1942	Standard
#		'Un_KI270381v1'	1930	Standard
#		'Un_KI270529v1'	1899	Standard
#		'Un_KI270425v1'	1884	Standard
#		'Un_KI270396v1'	1880	Standard
#		'Un_KI270363v1'	1803	Standard
#		'Un_KI270386v1'	1788	Standard
#		'Un_KI270465v1'	1774	Standard
#		'Un_KI270383v1'	1750	Standard
#		'Un_KI270384v1'	1658	Standard
#		'Un_KI270330v1'	1652	Standard
#		'Un_KI270372v1'	1650	Standard
#		'Un_KI270548v1'	1599	Standard
#		'Un_KI270580v1'	1553	Standard
#		'Un_KI270387v1'	1537	Standard
#		'Un_KI270391v1'	1484	Standard
#		'Un_KI270305v1'	1472	Standard
#		'Un_KI270373v1'	1451	Standard
#		'Un_KI270422v1'	1445	Standard
#		'Un_KI270316v1'	1444	Standard
#		'Un_KI270338v1'	1428	Standard
#		'Un_KI270340v1'	1428	Standard
#		'Un_KI270583v1'	1400	Standard
#		'Un_KI270334v1'	1368	Standard
#		'Un_KI270429v1'	1361	Standard
#		'Un_KI270393v1'	1308	Standard
#		'Un_KI270516v1'	1300	Standard
#		'Un_KI270389v1'	1298	Standard
#		'Un_KI270466v1'	1233	Standard
#		'Un_KI270388v1'	1216	Standard
#		'Un_KI270544v1'	1202	Standard
#		'Un_KI270310v1'	1201	Standard
#		'Un_KI270412v1'	1179	Standard
#		'Un_KI270395v1'	1143	Standard
#		'Un_KI270376v1'	1136	Standard
#		'Un_KI270337v1'	1121	Standard
#		'Un_KI270335v1'	1048	Standard
#		'Un_KI270378v1'	1048	Standard
#		'Un_KI270379v1'	1045	Standard
#		'Un_KI270329v1'	1040	Standard
#		'Un_KI270419v1'	1029	Standard
#		'Un_KI270336v1'	1026	Standard
#		'Un_KI270312v1'	998	Standard
#		'Un_KI270539v1'	993	Standard
#		'Un_KI270385v1'	990	Standard
#		'Un_KI270423v1'	981	Standard
#		'Un_KI270392v1'	971	Standard
#		'Un_KI270394v1'	970	Standard
#		'MT'	1	Vertebrate_Mitochondrial
#-----------------------------------------------
System.Management.Automation.RemoteException
00:00:56 Predicting variants
00:00:56 Loading sequences for chromosome '1' from file '/workdir/snpEff_data/hg38/sequence.1.bin'
00:01:14 Building sequence tree for chromosome '1'
00:01:14 Done. Loaded 2207 sequences.
00:01:20 	10000 variants (405 variants per second), 9849 VCF entries
00:01:30 	20000 variants (581 variants per second), 19608 VCF entries
00:01:37 	30000 variants (730 variants per second), 29400 VCF entries
00:01:43 	40000 variants (843 variants per second), 39125 VCF entries
00:01:49 	50000 variants (935 variants per second), 48815 VCF entries
00:01:56 	60000 variants (999 variants per second), 58523 VCF entries
00:02:00 Loading sequences for chromosome '2' from file '/workdir/snpEff_data/hg38/sequence.2.bin'
00:02:18 Building sequence tree for chromosome '2'
00:02:18 Done. Loaded 1393 sequences.
00:02:18 Loading sequences for chromosome '3' from file '/workdir/snpEff_data/hg38/sequence.3.bin'
00:02:34 Building sequence tree for chromosome '3'
00:02:34 Done. Loaded 1125 sequences.
00:02:34 Loading sequences for chromosome '5' from file '/workdir/snpEff_data/hg38/sequence.5.bin'
00:02:46 Building sequence tree for chromosome '5'
00:02:46 Done. Loaded 1006 sequences.
00:02:46 Loading sequences for chromosome '8' from file '/workdir/snpEff_data/hg38/sequence.8.bin'
00:02:57 Building sequence tree for chromosome '8'
00:02:57 Done. Loaded 819 sequences.
00:02:57 Loading sequences for chromosome '11' from file '/workdir/snpEff_data/hg38/sequence.11.bin'
00:03:06 Building sequence tree for chromosome '11'
00:03:06 Done. Loaded 1299 sequences.
00:03:06 Loading sequences for chromosome '12' from file '/workdir/snpEff_data/hg38/sequence.12.bin'
00:03:17 Building sequence tree for chromosome '12'
00:03:17 Done. Loaded 1088 sequences.
00:03:17 Loading sequences for chromosome '15' from file '/workdir/snpEff_data/hg38/sequence.15.bin'
00:03:24 Building sequence tree for chromosome '15'
00:03:24 Done. Loaded 679 sequences.
00:03:24 Loading sequences for chromosome '16' from file '/workdir/snpEff_data/hg38/sequence.16.bin'
00:03:30 Building sequence tree for chromosome '16'
00:03:30 Done. Loaded 904 sequences.
00:03:30 Loading sequences for chromosome '18' from file '/workdir/snpEff_data/hg38/sequence.18.bin'
00:03:35 Building sequence tree for chromosome '18'
00:03:35 Done. Loaded 331 sequences.
00:03:35 Loading sequences for chromosome '20' from file '/workdir/snpEff_data/hg38/sequence.20.bin'
00:03:39 Building sequence tree for chromosome '20'
00:03:39 Done. Loaded 583 sequences.
00:03:39 Loading sequences for chromosome 'X' from file '/workdir/snpEff_data/hg38/sequence.X.bin'
00:03:47 Building sequence tree for chromosome 'X'
00:03:47 Done. Loaded 928 sequences.
00:03:48 Loading sequences from file '/workdir/snpEff_data/hg38/sequence.bin'
00:03:52 Building sequence tree for chromosome '8_KI270813v1_alt'
00:03:52 Building sequence tree for chromosome '1_KI270714v1_random'
00:03:52 Building sequence tree for chromosome '3_KI270782v1_alt'
00:03:52 Building sequence tree for chromosome '7_KI270804v1_alt'
00:03:52 Building sequence tree for chromosome '6_KI270800v1_alt'
00:03:52 Building sequence tree for chromosome '2_KI270767v1_alt'
00:03:52 Building sequence tree for chromosome '3_KI270780v1_alt'
00:03:52 Building sequence tree for chromosome '19_KI270938v1_alt'
00:03:52 Building sequence tree for chromosome '19_KI270867v1_alt'
00:03:52 Building sequence tree for chromosome '17_KI270910v1_alt'
00:03:52 Building sequence tree for chromosome '10_KI270825v1_alt'
00:03:52 Building sequence tree for chromosome '19_KI270920v1_alt'
00:03:52 Building sequence tree for chromosome '22_KI270879v1_alt'
00:03:52 Building sequence tree for chromosome '19_KI270933v1_alt'
00:03:52 Building sequence tree for chromosome '6_KI270798v1_alt'
00:03:52 Building sequence tree for chromosome '10_GL383545v1_alt'
00:03:52 Building sequence tree for chromosome '19_KI270866v1_alt'
00:03:52 Building sequence tree for chromosome 'X_KI270881v1_alt'
00:03:52 Building sequence tree for chromosome '19_GL000209v2_alt'
00:03:52 Building sequence tree for chromosome '1_KI270759v1_alt'
00:03:52 Building sequence tree for chromosome '3_KI270777v1_alt'
00:03:52 Building sequence tree for chromosome '22_GL383582v2_alt'
00:03:52 Building sequence tree for chromosome '1_KI270892v1_alt'
00:03:52 Building sequence tree for chromosome '15_GL383555v2_alt'
00:03:52 Building sequence tree for chromosome '8_KI270817v1_alt'
00:03:52 Building sequence tree for chromosome '22_KI270928v1_alt'
00:03:52 Building sequence tree for chromosome '2_GL383522v1_alt'
00:03:52 Building sequence tree for chromosome '4_GL000008v2_random'
00:03:52 Building sequence tree for chromosome '20_KI270869v1_alt'
00:03:52 Building sequence tree for chromosome '5_KI270795v1_alt'
00:03:52 Building sequence tree for chromosome '18_KI270863v1_alt'
00:03:52 Building sequence tree for chromosome '20_KI270871v1_alt'
00:03:52 Building sequence tree for chromosome '15_GL383554v1_alt'
00:03:52 Building sequence tree for chromosome '8_KI270822v1_alt'
00:03:52 Building sequence tree for chromosome '11_KI270827v1_alt'
00:03:52 Building sequence tree for chromosome '2_KI270769v1_alt'
00:03:52 Building sequence tree for chromosome '2_KI270774v1_alt'
00:03:52 Building sequence tree for chromosome '17_GL383563v3_alt'
00:03:52 Building sequence tree for chromosome '19_KI270918v1_alt'
00:03:52 Building sequence tree for chromosome '17_KI270861v1_alt'
00:03:52 Building sequence tree for chromosome '8_KI270820v1_alt'
00:03:52 Building sequence tree for chromosome '12_GL383551v1_alt'
00:03:52 Building sequence tree for chromosome 'Un_GL000218v1'
00:03:52 Building sequence tree for chromosome '11_JH159136v1_alt'
00:03:52 Building sequence tree for chromosome '22_KI270876v1_alt'
00:03:52 Building sequence tree for chromosome '12_GL383553v2_alt'
00:03:52 Building sequence tree for chromosome '8_KI270815v1_alt'
00:03:52 Building sequence tree for chromosome '17_GL000205v2_random'
00:03:52 Building sequence tree for chromosome '17_JH159148v1_alt'
00:03:52 Building sequence tree for chromosome '17_GL383564v2_alt'
00:03:52 Building sequence tree for chromosome '4_KI270786v1_alt'
00:03:52 Building sequence tree for chromosome '3_KI270936v1_alt'
00:03:52 Building sequence tree for chromosome '19_KI270891v1_alt'
00:03:52 Building sequence tree for chromosome '1_KI270762v1_alt'
00:03:52 Building sequence tree for chromosome '5_KI270791v1_alt'
00:03:52 Building sequence tree for chromosome '1_KI270766v1_alt'
00:03:52 Building sequence tree for chromosome '12_KI270835v1_alt'
00:03:52 Building sequence tree for chromosome '2_KI270776v1_alt'
00:03:52 Building sequence tree for chromosome '11_KI270902v1_alt'
00:03:52 Building sequence tree for chromosome '4_KI270789v1_alt'
00:03:52 Building sequence tree for chromosome '11_KI270829v1_alt'
00:03:52 Building sequence tree for chromosome '15_KI270906v1_alt'
00:03:52 Building sequence tree for chromosome '8_KI270818v1_alt'
00:03:52 Building sequence tree for chromosome 'X_KI270913v1_alt'
00:03:52 Building sequence tree for chromosome 'Un_GL000213v1'
00:03:52 Building sequence tree for chromosome '6_KI270758v1_alt'
00:03:52 Building sequence tree for chromosome '22_GL383583v2_alt'
00:03:52 Building sequence tree for chromosome '13_KI270838v1_alt'
00:03:52 Building sequence tree for chromosome '2_GL582966v2_alt'
00:03:52 Building sequence tree for chromosome '14_GL000194v1_random'
00:03:52 Building sequence tree for chromosome '12_GL383550v2_alt'
00:03:52 Building sequence tree for chromosome '15_KI270850v1_alt'
00:03:52 Building sequence tree for chromosome '8_KI270810v1_alt'
00:03:52 Building sequence tree for chromosome 'M'
00:03:52 Building sequence tree for chromosome '19_KI270922v1_alt'
00:03:52 Building sequence tree for chromosome '8_KI270812v1_alt'
00:03:52 Building sequence tree for chromosome '19_GL949750v2_alt'
00:03:52 Building sequence tree for chromosome '1_GL383518v1_alt'
00:03:52 Building sequence tree for chromosome '5_KI270794v1_alt'
00:03:52 Building sequence tree for chromosome '19_GL383574v1_alt'
00:03:52 Building sequence tree for chromosome '13_KI270842v1_alt'
00:03:52 Building sequence tree for chromosome '19_KI270865v1_alt'
00:03:52 Building sequence tree for chromosome '19_KI270916v1_alt'
00:03:52 Building sequence tree for chromosome '19_GL949752v1_alt'
00:03:52 Building sequence tree for chromosome '14_KI270846v1_alt'
00:03:52 Building sequence tree for chromosome '15_KI270852v1_alt'
00:03:52 Building sequence tree for chromosome '19_KI270882v1_alt'
00:03:52 Building sequence tree for chromosome '21_GL383580v2_alt'
00:03:52 Building sequence tree for chromosome 'Un_KI270741v1'
00:03:52 Building sequence tree for chromosome '21_KI270872v1_alt'
00:03:52 Building sequence tree for chromosome '3_KI270781v1_alt'
00:03:52 Building sequence tree for chromosome '3_GL383526v1_alt'
00:03:52 Building sequence tree for chromosome '19_GL949753v2_alt'
00:03:52 Building sequence tree for chromosome '19_KI270868v1_alt'
00:03:52 Building sequence tree for chromosome '6_KI270801v1_alt'
00:03:52 Building sequence tree for chromosome '11_KI270903v1_alt'
00:03:52 Building sequence tree for chromosome '7_KI270806v1_alt'
00:03:52 Building sequence tree for chromosome '11_KI270721v1_random'
00:03:52 Building sequence tree for chromosome '19_KI270886v1_alt'
00:03:52 Building sequence tree for chromosome '11_JH159137v1_alt'
00:03:52 Building sequence tree for chromosome '18_KI270911v1_alt'
00:03:52 Building sequence tree for chromosome '11_KI270832v1_alt'
00:03:52 Building sequence tree for chromosome '3_KI270783v1_alt'
00:03:52 Building sequence tree for chromosome '19_KI270930v1_alt'
00:03:52 Building sequence tree for chromosome '12_KI270904v1_alt'
00:03:52 Building sequence tree for chromosome 'Un_GL000224v1'
00:03:52 Building sequence tree for chromosome '15_KI270848v1_alt'
00:03:52 Building sequence tree for chromosome '8_KI270819v1_alt'
00:03:52 Building sequence tree for chromosome '1_GL383519v1_alt'
00:03:52 Building sequence tree for chromosome '7_KI270809v1_alt'
00:03:52 Building sequence tree for chromosome '4_GL000257v2_alt'
00:03:52 Building sequence tree for chromosome '16_GL383556v1_alt'
00:03:52 Building sequence tree for chromosome '22_KI270878v1_alt'
00:03:52 Building sequence tree for chromosome '15_KI270851v1_alt'
00:03:52 Building sequence tree for chromosome '6_KI270802v1_alt'
00:03:52 Building sequence tree for chromosome '11_KI270927v1_alt'
00:03:52 Building sequence tree for chromosome '9_KI270823v1_alt'
00:03:52 Building sequence tree for chromosome '8_KI270900v1_alt'
00:03:52 Building sequence tree for chromosome '4_KI270925v1_alt'
00:03:52 Building sequence tree for chromosome '19_KI270888v1_alt'
00:03:52 Building sequence tree for chromosome '19_KI270921v1_alt'
00:03:52 Building sequence tree for chromosome '5_KI270898v1_alt'
00:03:52 Building sequence tree for chromosome '19_KI270889v1_alt'
00:03:52 Building sequence tree for chromosome '17_GL383566v1_alt'
00:03:52 Building sequence tree for chromosome '17_KI270860v1_alt'
00:03:52 Building sequence tree for chromosome '14_KI270845v1_alt'
00:03:52 Building sequence tree for chromosome '20_KI270870v1_alt'
00:03:52 Building sequence tree for chromosome '19_GL383576v1_alt'
00:03:52 Building sequence tree for chromosome '2_GL383521v1_alt'
00:03:52 Building sequence tree for chromosome '19_GL383575v2_alt'
00:03:52 Building sequence tree for chromosome '1_GL383520v2_alt'
00:03:52 Building sequence tree for chromosome '7_KI270899v1_alt'
00:03:52 Building sequence tree for chromosome '12_GL877875v1_alt'
00:03:52 Building sequence tree for chromosome '17_KI270909v1_alt'
00:03:52 Building sequence tree for chromosome '3_KI270924v1_alt'
00:03:52 Building sequence tree for chromosome '7_KI270803v1_alt'
00:03:52 Building sequence tree for chromosome '19_KI270883v1_alt'
00:03:52 Building sequence tree for chromosome '5_KI270796v1_alt'
00:03:52 Building sequence tree for chromosome '8_KI270816v1_alt'
00:03:52 Building sequence tree for chromosome '9_GL383540v1_alt'
00:03:52 Building sequence tree for chromosome '21_GL383581v2_alt'
00:03:52 Building sequence tree for chromosome '16_GL383557v1_alt'
00:03:52 Building sequence tree for chromosome '19_KI270919v1_alt'
00:03:52 Building sequence tree for chromosome '4_KI270790v1_alt'
00:03:52 Building sequence tree for chromosome '12_KI270834v1_alt'
00:03:52 Building sequence tree for chromosome '1_KI270761v1_alt'
00:03:52 Building sequence tree for chromosome '19_KI270917v1_alt'
00:03:52 Building sequence tree for chromosome '19_KI270915v1_alt'
00:03:52 Building sequence tree for chromosome '22_KI270731v1_random'
00:03:52 Building sequence tree for chromosome '16_KI270728v1_random'
00:03:52 Building sequence tree for chromosome '22_KI270733v1_random'
00:03:52 Building sequence tree for chromosome '3_JH636055v2_alt'
00:03:52 Building sequence tree for chromosome '21_GL383579v2_alt'
00:03:52 Building sequence tree for chromosome '5_GL949742v1_alt'
00:03:52 Building sequence tree for chromosome '17_JH159147v1_alt'
00:03:52 Building sequence tree for chromosome '2_KI270893v1_alt'
00:03:52 Building sequence tree for chromosome '16_KI270856v1_alt'
00:03:52 Building sequence tree for chromosome '1_KI270763v1_alt'
00:03:52 Building sequence tree for chromosome '4_GL383527v1_alt'
00:03:52 Building sequence tree for chromosome '2_KI270773v1_alt'
00:03:52 Building sequence tree for chromosome '19_GL949748v2_alt'
00:03:52 Building sequence tree for chromosome 'Un_GL000220v1'
00:03:52 Building sequence tree for chromosome '11_KI270831v1_alt'
00:03:52 Building sequence tree for chromosome '7_KI270808v1_alt'
00:03:52 Building sequence tree for chromosome '19_GL949749v2_alt'
00:03:52 Building sequence tree for chromosome '18_GL383571v1_alt'
00:03:52 Building sequence tree for chromosome 'Un_GL000219v1'
00:03:52 Building sequence tree for chromosome '11_KI270830v1_alt'
00:03:52 Building sequence tree for chromosome '8_KI270821v1_alt'
00:03:52 Building sequence tree for chromosome '19_GL949746v1_alt'
00:03:52 Building sequence tree for chromosome '3_KI270937v1_alt'
00:03:52 Building sequence tree for chromosome '8_KI270926v1_alt'
00:03:52 Building sequence tree for chromosome '8_KI270811v1_alt'
00:03:52 Building sequence tree for chromosome '8_KI270814v1_alt'
00:03:52 Building sequence tree for chromosome '6_KI270797v1_alt'
00:03:52 Building sequence tree for chromosome '15_KI270727v1_random'
00:03:52 Building sequence tree for chromosome '18_GL383567v1_alt'
00:03:52 Building sequence tree for chromosome '15_KI270849v1_alt'
00:03:52 Building sequence tree for chromosome '19_GL949747v2_alt'
00:03:52 Building sequence tree for chromosome '19_GL949751v2_alt'
00:03:52 Building sequence tree for chromosome '16_KI270855v1_alt'
00:03:52 Building sequence tree for chromosome '2_KI270770v1_alt'
00:03:52 Building sequence tree for chromosome '19_KI270890v1_alt'
00:03:52 Building sequence tree for chromosome '17_JH159146v1_alt'
00:03:52 Building sequence tree for chromosome '12_KI270837v1_alt'
00:03:52 Building sequence tree for chromosome '22_KI270875v1_alt'
00:03:52 Building sequence tree for chromosome '22_KI270877v1_alt'
00:03:52 Building sequence tree for chromosome '5_KI270792v1_alt'
00:03:52 Building sequence tree for chromosome '3_KI270779v1_alt'
00:03:52 Building sequence tree for chromosome '5_KI270793v1_alt'
00:03:52 Building sequence tree for chromosome '3_KI270895v1_alt'
00:03:52 Building sequence tree for chromosome '19_KI270932v1_alt'
00:03:52 Building sequence tree for chromosome '3_KI270935v1_alt'
00:03:52 Building sequence tree for chromosome '17_KI270862v1_alt'
00:03:52 Building sequence tree for chromosome '18_GL383572v1_alt'
00:03:52 Building sequence tree for chromosome '7_GL383534v2_alt'
00:03:52 Building sequence tree for chromosome '19_KI270929v1_alt'
00:03:52 Building sequence tree for chromosome '10_GL383546v1_alt'
00:03:52 Building sequence tree for chromosome '3_KI270934v1_alt'
00:03:52 Building sequence tree for chromosome '12_KI270833v1_alt'
00:03:52 Building sequence tree for chromosome '22_KI270734v1_random'
00:03:52 Building sequence tree for chromosome '21_KI270873v1_alt'
00:03:52 Building sequence tree for chromosome '6_KI270799v1_alt'
00:03:52 Building sequence tree for chromosome '12_GL877876v1_alt'
00:03:52 Building sequence tree for chromosome '19_KI270923v1_alt'
00:03:52 Building sequence tree for chromosome 'Un_KI270753v1'
00:03:52 Building sequence tree for chromosome 'Un_GL000195v1'
00:03:52 Building sequence tree for chromosome '19_KI270887v1_alt'
00:03:52 Building sequence tree for chromosome '17_KI270907v1_alt'
00:03:52 Building sequence tree for chromosome '19_GL383573v1_alt'
00:03:52 Building sequence tree for chromosome 'X_KI270880v1_alt'
00:03:52 Building sequence tree for chromosome '16_KI270854v1_alt'
00:03:52 Building sequence tree for chromosome '19_KI270884v1_alt'
00:03:52 Building sequence tree for chromosome '9_GL383541v1_alt'
00:03:52 Building sequence tree for chromosome '1_KI270765v1_alt'
00:03:52 Building sequence tree for chromosome '22_KB663609v1_alt'
00:03:52 Building sequence tree for chromosome '19_KI270914v1_alt'
00:03:52 Building sequence tree for chromosome '4_KI270896v1_alt'
00:03:52 Building sequence tree for chromosome '2_KI270768v1_alt'
00:03:52 Building sequence tree for chromosome '14_KI270844v1_alt'
00:03:52 Building sequence tree for chromosome '19_KI270931v1_alt'
00:03:52 Building sequence tree for chromosome '13_KI270840v1_alt'
00:03:52 Building sequence tree for chromosome '3_KI270784v1_alt'
00:03:52 Building sequence tree for chromosome '1_KI270713v1_random'
00:03:52 Building sequence tree for chromosome '19_KI270885v1_alt'
00:03:52 Creating sequences from exon information '1_KI270713v1_random'
00:03:52 Building sequence tree for chromosome '1_KI270713v1_random'
00:03:52 Building sequence tree for genome sequences
00:03:52 Done.
00:03:52 Done. Loaded 17 sequences.
System.Management.Automation.RemoteException
ERRORS: Some errors were detected
Error type	Number of errors
ERROR_CHROMOSOME_NOT_FOUND	61
System.Management.Automation.RemoteException
System.Management.Automation.RemoteException
System.Management.Automation.RemoteException
WARNINGS: Some warning were detected
Warning type	Number of warnings
INFO_REALIGN_3_PRIME	11984
WARNING_TRANSCRIPT_MULTIPLE_STOP_CODONS	263
WARNING_TRANSCRIPT_MULTIPLE_STOP_CODONS&INFO_REALIGN_3_PRIME	25
WARNING_TRANSCRIPT_NO_START_CODON	44
System.Management.Automation.RemoteException
System.Management.Automation.RemoteException
00:03:52 Creating summary file: snpEff_summary.html
00:03:52 Creating genes file: snpEff_genes.txt
00:03:53 done.
00:03:53 Logging
00:03:54 Checking for updates...
System.Management.Automation.RemoteException
System.Management.Automation.RemoteException
NEW VERSION!
	There is a new SnpEff version available: 
		Version      : 5.4C
		Release date : 2026-02-23
		Download URL : https://snpeff-public.s3.amazonaws.com/versions/snpEff_latest_core.zip
System.Management.Automation.RemoteException
00:03:56 Done.
19 HG002_1x_high_impact_variants.txt
